Tue Dec  6 15:32:34 CST 2016
cn5578
/tmp/slurmd/job3746131/slurm_script: line 14: config.py: command not found
/tmp/slurmd/job3746131/slurm_script: line 19: setting.py: command not found
Tue Dec  6 15:32:35 CST 2016
