Tue Dec  6 11:36:28 CST 2016
cn5834
['/HOME/nscc-gz_jiangli/virtualenv/ht_celery/config.py', 'settings.htc']
EXEC = /HOME/nscc-gz_jiangli/virtualenv/ht_celery/simtask.py

INPUT =  input2.htc

cn5834 6379
set settings to redis ready ! 
/tmp/slurmd/job3743315/slurm_script: line 57: 15882 Killed                  nohup /WORK/app/redis/3.2.4/bin/redis-server ./redis.conf &>log.redis
Tue Dec  6 11:36:47 CST 2016
